[0m16:17:30.595308 [debug] [MainThread]: Sending event: {'category': 'dbt', 'action': 'invocation', 'label': 'start', 'context': [<snowplow_tracker.self_describing_json.SelfDescribingJson object at 0x000001395E27A3F0>, <snowplow_tracker.self_describing_json.SelfDescribingJson object at 0x000001395EA65D90>, <snowplow_tracker.self_describing_json.SelfDescribingJson object at 0x000001396317B6E0>]}


============================== 16:17:30.595308 | 1b47c5b3-652f-421b-aca0-20ffbe0fab9e ==============================
[0m16:17:30.595308 [info ] [MainThread]: Running with dbt=1.11.12
[0m16:17:30.595308 [debug] [MainThread]: running dbt with arguments {'version_check': 'True', 'no_print': 'None', 'static_parser': 'True', 'target_path': 'None', 'warn_error_options': 'WarnErrorOptionsV2(error=[], warn=[], silence=[])', 'printer_width': '80', 'write_json': 'True', 'empty': 'None', 'log_cache_events': 'False', 'introspect': 'True', 'cache_selected_only': 'False', 'fail_fast': 'False', 'debug': 'False', 'log_format': 'default', 'profiles_dir': 'C:\\Users\\calvo\\.dbt', 'send_anonymous_usage_stats': 'True', 'quiet': 'False', 'warn_error': 'None', 'partial_parse': 'True', 'indirect_selection': 'eager', 'use_colors': 'True', 'invocation_command': 'dbt init ons_energy_pipeline', 'use_experimental_parser': 'False', 'log_path': 'logs'}
[0m16:17:30.610698 [info ] [MainThread]: Creating dbt configuration folder at C:\Users\calvo\.dbt
[0m16:17:30.625639 [debug] [MainThread]: Starter project path: C:\Users\calvo\OneDrive\Documentos\Profissional\portfolio\Projetos\venv_dbt\Lib\site-packages\dbt\include\starter_project
[0m16:17:30.629611 [info ] [MainThread]: 
Your new dbt project "ons_energy_pipeline" was created!

For more information on how to configure the profiles.yml file,
please consult the dbt documentation here:

  https://docs.getdbt.com/docs/configure-your-profile

One more thing:

Need help? Don't hesitate to reach out to us via GitHub issues or on Slack:

  https://community.getdbt.com/

Happy modeling!

[0m16:17:30.629611 [info ] [MainThread]: Setting up your profile.
[0m16:18:03.063917 [error] [MainThread]: Encountered an error:

[0m16:18:03.068560 [error] [MainThread]: Traceback (most recent call last):
  File "C:\Users\calvo\OneDrive\Documentos\Profissional\portfolio\Projetos\venv_dbt\Lib\site-packages\dbt\cli\requires.py", line 182, in wrapper
    result, success = func(*args, **kwargs)
                      ^^^^^^^^^^^^^^^^^^^^^
  File "C:\Users\calvo\OneDrive\Documentos\Profissional\portfolio\Projetos\venv_dbt\Lib\site-packages\dbt\cli\requires.py", line 128, in wrapper
    return func(*args, **kwargs)
           ^^^^^^^^^^^^^^^^^^^^^
  File "C:\Users\calvo\OneDrive\Documentos\Profissional\portfolio\Projetos\venv_dbt\Lib\site-packages\dbt\cli\main.py", line 488, in init
    results = task.run()
              ^^^^^^^^^^
  File "C:\Users\calvo\OneDrive\Documentos\Profissional\portfolio\Projetos\venv_dbt\Lib\site-packages\dbt\task\init.py", line 346, in run
    self.setup_profile(profile_name)
  File "C:\Users\calvo\OneDrive\Documentos\Profissional\portfolio\Projetos\venv_dbt\Lib\site-packages\dbt\task\init.py", line 262, in setup_profile
    self.create_profile_from_target(adapter, profile_name=profile_name)
  File "C:\Users\calvo\OneDrive\Documentos\Profissional\portfolio\Projetos\venv_dbt\Lib\site-packages\dbt\task\init.py", line 179, in create_profile_from_target
    self.create_profile_from_profile_template(profile_template, profile_name)
  File "C:\Users\calvo\OneDrive\Documentos\Profissional\portfolio\Projetos\venv_dbt\Lib\site-packages\dbt\task\init.py", line 163, in create_profile_from_profile_template
    target = self.generate_target_from_input(prompts, initial_target)
             ^^^^^^^^^^^^^^^^^^^^^^^^^^^^^^^^^^^^^^^^^^^^^^^^^^^^^^^^
  File "C:\Users\calvo\OneDrive\Documentos\Profissional\portfolio\Projetos\venv_dbt\Lib\site-packages\dbt\task\init.py", line 116, in generate_target_from_input
    target = self.generate_target_from_input(
             ^^^^^^^^^^^^^^^^^^^^^^^^^^^^^^^^
  File "C:\Users\calvo\OneDrive\Documentos\Profissional\portfolio\Projetos\venv_dbt\Lib\site-packages\dbt\task\init.py", line 129, in generate_target_from_input
    target[key] = click.prompt(
                  ^^^^^^^^^^^^^
  File "C:\Users\calvo\OneDrive\Documentos\Profissional\portfolio\Projetos\venv_dbt\Lib\site-packages\click\termui.py", line 218, in prompt
    value = prompt_func(prompt)
            ^^^^^^^^^^^^^^^^^^^
  File "C:\Users\calvo\OneDrive\Documentos\Profissional\portfolio\Projetos\venv_dbt\Lib\site-packages\click\termui.py", line 201, in prompt_func
    raise Abort() from None
click.exceptions.Abort

[0m16:18:03.075080 [debug] [MainThread]: Command `dbt init` failed at 16:18:03.075080 after 32.57 seconds
[0m16:18:03.075080 [debug] [MainThread]: Sending event: {'category': 'dbt', 'action': 'invocation', 'label': 'end', 'context': [<snowplow_tracker.self_describing_json.SelfDescribingJson object at 0x00000139619AF0E0>, <snowplow_tracker.self_describing_json.SelfDescribingJson object at 0x000001397CA38EC0>, <snowplow_tracker.self_describing_json.SelfDescribingJson object at 0x000001397C62F800>]}
[0m16:18:03.076113 [debug] [MainThread]: Flushing usage events
[0m16:18:03.868984 [debug] [MainThread]: An error was encountered while trying to flush usage events
[0m16:18:07.560333 [debug] [MainThread]: Sending event: {'category': 'dbt', 'action': 'invocation', 'label': 'start', 'context': [<snowplow_tracker.self_describing_json.SelfDescribingJson object at 0x00000259A900FE60>, <snowplow_tracker.self_describing_json.SelfDescribingJson object at 0x00000259AB895160>, <snowplow_tracker.self_describing_json.SelfDescribingJson object at 0x00000259AD032420>]}


============================== 16:18:07.560333 | 4e4c8ab5-22c4-4364-a8f8-2c05836b8fef ==============================
[0m16:18:07.560333 [info ] [MainThread]: Running with dbt=1.11.12
[0m16:18:07.560333 [debug] [MainThread]: running dbt with arguments {'static_parser': 'True', 'no_print': 'None', 'version_check': 'True', 'warn_error_options': 'WarnErrorOptionsV2(error=[], warn=[], silence=[])', 'target_path': 'None', 'printer_width': '80', 'write_json': 'True', 'empty': 'None', 'log_cache_events': 'False', 'introspect': 'True', 'cache_selected_only': 'False', 'log_format': 'default', 'debug': 'False', 'fail_fast': 'False', 'profiles_dir': 'C:\\Users\\calvo\\.dbt', 'send_anonymous_usage_stats': 'True', 'quiet': 'False', 'warn_error': 'None', 'partial_parse': 'True', 'invocation_command': 'dbt init ons_energy_pipeline', 'indirect_selection': 'eager', 'use_colors': 'True', 'use_experimental_parser': 'False', 'log_path': 'logs'}
[0m16:18:07.581612 [info ] [MainThread]: A project called ons_energy_pipeline already exists here.
[0m16:18:07.581612 [debug] [MainThread]: Command `dbt init` succeeded at 16:18:07.581612 after 0.12 seconds
[0m16:18:07.584369 [debug] [MainThread]: Sending event: {'category': 'dbt', 'action': 'invocation', 'label': 'end', 'context': [<snowplow_tracker.self_describing_json.SelfDescribingJson object at 0x00000259A92E7C20>, <snowplow_tracker.self_describing_json.SelfDescribingJson object at 0x00000259A98A13A0>, <snowplow_tracker.self_describing_json.SelfDescribingJson object at 0x00000259AB96FB00>]}
[0m16:18:07.584369 [debug] [MainThread]: Flushing usage events
[0m16:18:08.343234 [debug] [MainThread]: An error was encountered while trying to flush usage events
[0m16:19:02.855238 [debug] [MainThread]: Sending event: {'category': 'dbt', 'action': 'invocation', 'label': 'start', 'context': [<snowplow_tracker.self_describing_json.SelfDescribingJson object at 0x0000028C23105BE0>, <snowplow_tracker.self_describing_json.SelfDescribingJson object at 0x0000028C25295C10>, <snowplow_tracker.self_describing_json.SelfDescribingJson object at 0x0000028C23E7E900>]}


============================== 16:19:02.859236 | 85899efe-97af-43d6-b4e1-9574f7d77e6b ==============================
[0m16:19:02.859236 [info ] [MainThread]: Running with dbt=1.11.12
[0m16:19:02.860235 [debug] [MainThread]: running dbt with arguments {'static_parser': 'True', 'no_print': 'None', 'version_check': 'True', 'target_path': 'None', 'warn_error_options': 'WarnErrorOptionsV2(error=[], warn=[], silence=[])', 'printer_width': '80', 'write_json': 'True', 'introspect': 'True', 'log_cache_events': 'False', 'empty': 'None', 'cache_selected_only': 'False', 'log_format': 'default', 'debug': 'False', 'fail_fast': 'False', 'partial_parse': 'True', 'send_anonymous_usage_stats': 'True', 'quiet': 'False', 'warn_error': 'None', 'profiles_dir': 'C:\\Users\\calvo\\.dbt', 'invocation_command': 'dbt init ons_energy_pipeline', 'indirect_selection': 'eager', 'use_colors': 'True', 'use_experimental_parser': 'False', 'log_path': 'logs'}
[0m16:19:02.878537 [debug] [MainThread]: Starter project path: C:\Users\calvo\OneDrive\Documentos\Profissional\portfolio\Projetos\venv_dbt\Lib\site-packages\dbt\include\starter_project
[0m16:19:02.891847 [info ] [MainThread]: 
Your new dbt project "ons_energy_pipeline" was created!

For more information on how to configure the profiles.yml file,
please consult the dbt documentation here:

  https://docs.getdbt.com/docs/configure-your-profile

One more thing:

Need help? Don't hesitate to reach out to us via GitHub issues or on Slack:

  https://community.getdbt.com/

Happy modeling!

[0m16:19:02.893852 [info ] [MainThread]: Setting up your profile.
[0m16:19:49.949165 [info ] [MainThread]: Profile ons_energy_pipeline written to C:\Users\calvo\.dbt\profiles.yml using target's profile_template.yml and your supplied values. Run 'dbt debug' to validate the connection.
[0m16:19:49.964985 [debug] [MainThread]: Command `dbt init` succeeded at 16:19:49.964985 after 47.23 seconds
[0m16:19:49.964985 [debug] [MainThread]: Sending event: {'category': 'dbt', 'action': 'invocation', 'label': 'end', 'context': [<snowplow_tracker.self_describing_json.SelfDescribingJson object at 0x0000028C25B190D0>, <snowplow_tracker.self_describing_json.SelfDescribingJson object at 0x0000028C40656300>, <snowplow_tracker.self_describing_json.SelfDescribingJson object at 0x0000028C40326240>]}
[0m16:19:49.964985 [debug] [MainThread]: Flushing usage events
[0m16:19:50.740510 [debug] [MainThread]: An error was encountered while trying to flush usage events
[0m16:27:19.009184 [debug] [MainThread]: Sending event: {'category': 'dbt', 'action': 'invocation', 'label': 'start', 'context': [<snowplow_tracker.self_describing_json.SelfDescribingJson object at 0x0000027632B305C0>, <snowplow_tracker.self_describing_json.SelfDescribingJson object at 0x000002763296F830>, <snowplow_tracker.self_describing_json.SelfDescribingJson object at 0x000002763296C470>]}


============================== 16:27:19.009184 | f81b1193-acb7-4a4f-a7cd-8eb879de3403 ==============================
[0m16:27:19.009184 [info ] [MainThread]: Running with dbt=1.11.12
[0m16:27:19.009184 [debug] [MainThread]: running dbt with arguments {'static_parser': 'True', 'no_print': 'None', 'version_check': 'True', 'warn_error_options': 'WarnErrorOptionsV2(error=[], warn=[], silence=[])', 'target_path': 'None', 'printer_width': '80', 'write_json': 'True', 'empty': 'None', 'log_cache_events': 'False', 'introspect': 'True', 'cache_selected_only': 'False', 'log_format': 'default', 'debug': 'False', 'fail_fast': 'False', 'profiles_dir': 'C:\\Users\\calvo\\.dbt', 'send_anonymous_usage_stats': 'True', 'quiet': 'False', 'warn_error': 'None', 'partial_parse': 'True', 'invocation_command': 'dbt debug', 'indirect_selection': 'eager', 'use_colors': 'True', 'use_experimental_parser': 'False', 'log_path': 'logs'}
[0m16:27:19.031960 [info ] [MainThread]: dbt version: 1.11.12
[0m16:27:19.031960 [info ] [MainThread]: python version: 3.12.10
[0m16:27:19.031960 [info ] [MainThread]: python path: C:\Users\calvo\OneDrive\Documentos\Profissional\portfolio\Projetos\venv_dbt\Scripts\python.exe
[0m16:27:19.031960 [info ] [MainThread]: os info: Windows-11-10.0.26200-SP0
[0m16:27:19.895947 [info ] [MainThread]: Using profiles dir at C:\Users\calvo\.dbt
[0m16:27:19.895947 [info ] [MainThread]: Using profiles.yml file at C:\Users\calvo\.dbt\profiles.yml
[0m16:27:19.895947 [info ] [MainThread]: Using dbt_project.yml file at C:\Users\calvo\OneDrive\Documentos\Profissional\portfolio\Projetos\dbt_project.yml
[0m16:27:19.895947 [info ] [MainThread]: adapter type: bigquery
[0m16:27:19.895947 [info ] [MainThread]: adapter version: 1.11.3
[0m16:27:19.895947 [info ] [MainThread]: Configuration:
[0m16:27:19.895947 [info ] [MainThread]:   profiles.yml file [[32mOK found and valid[0m]
[0m16:27:19.899733 [info ] [MainThread]:   dbt_project.yml file [[31mERROR not found[0m]
[0m16:27:19.900384 [info ] [MainThread]: Required dependencies:
[0m16:27:19.900384 [debug] [MainThread]: Executing "git --help"
[0m16:27:19.951933 [debug] [MainThread]: STDOUT: "b"usage: git [-v | --version] [-h | --help] [-C <path>] [-c <name>=<value>]\n           [--exec-path[=<path>]] [--html-path] [--man-path] [--info-path]\n           [-p | --paginate | -P | --no-pager] [--no-replace-objects] [--no-lazy-fetch]\n           [--no-optional-locks] [--no-advice] [--bare] [--git-dir=<path>]\n           [--work-tree=<path>] [--namespace=<name>] [--config-env=<name>=<envvar>]\n           <command> [<args>]\n\nThese are common Git commands used in various situations:\n\nstart a working area (see also: git help tutorial)\n   clone      Clone a repository into a new directory\n   init       Create an empty Git repository or reinitialize an existing one\n\nwork on the current change (see also: git help everyday)\n   add        Add file contents to the index\n   mv         Move or rename a file, a directory, or a symlink\n   restore    Restore working tree files\n   rm         Remove files from the working tree and from the index\n\nexamine the history and state (see also: git help revisions)\n   bisect     Use binary search to find the commit that introduced a bug\n   diff       Show changes between commits, commit and working tree, etc\n   grep       Print lines matching a pattern\n   log        Show commit logs\n   show       Show various types of objects\n   status     Show the working tree status\n\ngrow, mark and tweak your common history\n   backfill   Download missing objects in a partial clone\n   branch     List, create, or delete branches\n   commit     Record changes to the repository\n   merge      Join two or more development histories together\n   rebase     Reapply commits on top of another base tip\n   reset      Reset current HEAD to the specified state\n   switch     Switch branches\n   tag        Create, list, delete or verify a tag object signed with GPG\n\ncollaborate (see also: git help workflows)\n   fetch      Download objects and refs from another repository\n   pull       Fetch from and integrate with another repository or a local branch\n   push       Update remote refs along with associated objects\n\n'git help -a' and 'git help -g' list available subcommands and some\nconcept guides. See 'git help <command>' or 'git help <concept>'\nto read about a specific subcommand or concept.\nSee 'git help git' for an overview of the system.\n""
[0m16:27:19.952933 [debug] [MainThread]: STDERR: "b''"
[0m16:27:19.952933 [info ] [MainThread]:  - git [[32mOK found[0m]

[0m16:27:19.952933 [info ] [MainThread]: Connection:
[0m16:27:19.953932 [info ] [MainThread]:   method: oauth
[0m16:27:19.953932 [info ] [MainThread]:   database: ons-energy-pipeline
[0m16:27:19.954930 [info ] [MainThread]:   execution_project: ons-energy-pipeline
[0m16:27:19.954930 [info ] [MainThread]:   schema: dbt_dev
[0m16:27:19.955931 [info ] [MainThread]:   location: US
[0m16:27:19.955931 [info ] [MainThread]:   priority: interactive
[0m16:27:19.955931 [info ] [MainThread]:   maximum_bytes_billed: None
[0m16:27:19.956930 [info ] [MainThread]:   impersonate_service_account: None
[0m16:27:19.956930 [info ] [MainThread]:   job_retry_deadline_seconds: None
[0m16:27:19.956930 [info ] [MainThread]:   job_retries: 1
[0m16:27:19.957930 [info ] [MainThread]:   job_creation_timeout_seconds: None
[0m16:27:19.957930 [info ] [MainThread]:   job_execution_timeout_seconds: 300
[0m16:27:19.958712 [info ] [MainThread]:   timeout_seconds: 300
[0m16:27:19.958712 [info ] [MainThread]:   client_id: None
[0m16:27:19.959815 [info ] [MainThread]:   token_uri: None
[0m16:27:19.959815 [info ] [MainThread]:   compute_region: None
[0m16:27:19.959815 [info ] [MainThread]:   dataproc_cluster_name: None
[0m16:27:19.960814 [info ] [MainThread]:   gcs_bucket: None
[0m16:27:19.960814 [info ] [MainThread]:   dataproc_batch: None
[0m16:27:19.960814 [info ] [MainThread]: Registered adapter: bigquery=1.11.3
[0m16:27:20.544859 [debug] [MainThread]: Acquiring new bigquery connection 'debug'
[0m16:27:20.544859 [debug] [MainThread]: On debug: select 1 as id
[0m16:27:20.544859 [debug] [MainThread]: Opening a new connection, currently in state init
[0m16:27:24.774336 [debug] [MainThread]: BigQuery adapter: https://console.cloud.google.com/bigquery?project=ons-energy-pipeline&j=bq:US:fb5f5008-8ec4-4fe1-b91b-f31a2959c571&page=queryresults
[0m16:27:25.084765 [debug] [MainThread]: SQL status: OK in 0.319 seconds
[0m16:27:25.496996 [info ] [MainThread]:   Connection test: [[32mOK connection ok[0m]

[0m16:27:25.496996 [info ] [MainThread]: [31m1 check failed:[0m
[0m16:27:25.512125 [info ] [MainThread]: Project loading failed for the following reason:
 project path <C:\Users\calvo\OneDrive\Documentos\Profissional\portfolio\Projetos\dbt_project.yml> not found

[0m16:27:25.512125 [debug] [MainThread]: Command `dbt debug` failed at 16:27:25.512125 after 6.66 seconds
[0m16:27:25.512125 [debug] [MainThread]: Connection 'debug' was properly closed.
[0m16:27:25.512125 [debug] [MainThread]: Sending event: {'category': 'dbt', 'action': 'invocation', 'label': 'end', 'context': [<snowplow_tracker.self_describing_json.SelfDescribingJson object at 0x000002762FB1A1B0>, <snowplow_tracker.self_describing_json.SelfDescribingJson object at 0x0000027632DA2540>, <snowplow_tracker.self_describing_json.SelfDescribingJson object at 0x00000276330EEED0>]}
[0m16:27:25.512125 [debug] [MainThread]: Flushing usage events
[0m16:27:26.327066 [debug] [MainThread]: An error was encountered while trying to flush usage events
